// Jest Snapshot v1, https://goo.gl/fbAQLP

exports[`should match snapshot 1`] = `
<DocumentFragment>
  <div
    class="TodoList"
  >
    <h1>
      Todo List
    </h1>
    <form
      class="NewTodoForm"
    >
      <label
        for="task"
      >
        New Task: 
      </label>
      <input
        id="task"
        name="task"
        type="text"
        value=""
      />
      <button>
        Add
      </button>
    </form>
  </div>
</DocumentFragment>
`;
