// Jest Snapshot v1, https://goo.gl/fbAQLP

exports[`should match Snapshot 1`] = `
<DocumentFragment>
  <form
    class="NewTodoForm"
  >
    <label
      for="task"
    >
      New Task: 
    </label>
    <input
      id="task"
      name="task"
      type="text"
      value=""
    />
    <button>
      Add
    </button>
  </form>
</DocumentFragment>
`;
